Botafogo is a traditional neighborhood of the wonderful city.
Perhaps one of the best known and lively. There are several things
you can do there. If you like football, you will find the headquarters
of the famous Botafogo Regatta Club. Whether Botafogo is your
team or not, it doesnâ€™t matter much, since visiting the club inspires
the best of Brazilian football.
